<html>
<body>
<pre>
<h1>µVision Build Log</h1>
<h2>Tool Versions:</h2>
IDE-Version: µVision V5.31.0.0
Copyright (C) 2020 ARM Ltd and ARM Germany GmbH. All rights reserved.
License Information: Hoan nguyen, 211CL6A, LIC=14HV2-9PB4K-RAGDM-XEIAC-8IHFH-L458K
 
Tool Versions:
Toolchain:       MDK-ARM Plus  Version: 5.31.0.0
Toolchain Path:  C:\Keil_v5\ARM\ARMCLANG\Bin
C Compiler:      ArmClang.exe V6.14
Assembler:       Armasm.exe V6.14
Linker/Locator:  ArmLink.exe V6.14
Library Manager: ArmAr.exe V6.14
Hex Converter:   FromElf.exe V6.14
CPU DLL:         SARMCM3.DLL V5.31.0.0
Dialog DLL:      DCM.DLL V1.17.3.0
Target DLL:      STLink\ST-LINKIII-KEIL_SWO.dll V3.0.7.0
Dialog DLL:      TCM.DLL V1.46.0.0
 
<h2>Project:</h2>
D:\COURSE ECU DEVELOPMENT\bai5_SPI\Baitap_SPI\bai5_Software\Master\bai5_SPI.uvprojx
Project File Date:  03/19/2025

<h2>Output:</h2>
*** Using Compiler 'V6.14', folder: 'C:\Keil_v5\ARM\ARMCLANG\Bin'
Build target 'Target 1'
main.c(13): warning: no previous prototype for function 'RCC_Config' [-Wmissing-prototypes]
void RCC_Config(){
     ^
main.c(13): note: declare 'static' if the function is not intended to be used outside of this translation unit
void RCC_Config(){
^
static 
main.c(18): warning: no previous prototype for function 'GPIO_Config' [-Wmissing-prototypes]
void GPIO_Config(){
     ^
main.c(18): note: declare 'static' if the function is not intended to be used outside of this translation unit
void GPIO_Config(){
^
static 
main.c(30): warning: no previous prototype for function 'SPI_Init' [-Wmissing-prototypes]
void SPI_Init(){
     ^
main.c(30): note: declare 'static' if the function is not intended to be used outside of this translation unit
void SPI_Init(){
^
static 
main.c(1): warning: In file included from...
C:/Users/Admin/AppData/Local/Arm/Packs/Keil/STM32F1xx_DFP/2.4.1/Device/Include\stm32f10x.h(8347): warning: In file included from...
./RTE/Device/STM32F103C8\stm32f10x_conf.h(87): warning: In file included from...
C:/Users/Admin/AppData/Local/Arm/Packs/Keil/STM32F1xx_DFP/2.4.1/Device/StdPeriph_Driver/inc\stm32f10x_tim.h(50): warning: padding size of 'TIM_TimeBaseInitTypeDef' with 1 byte to alignment boundary [-Wpadded]
typedef struct
        ^
main.c(36): warning: no previous prototype for function 'TIM_Config' [-Wmissing-prototypes]
void TIM_Config()
     ^
main.c(36): note: declare 'static' if the function is not intended to be used outside of this translation unit
void TIM_Config()
^
static 
main.c(47): warning: no previous prototype for function 'delay_ms' [-Wmissing-prototypes]
void delay_ms(uint32_t time)
     ^
main.c(47): note: declare 'static' if the function is not intended to be used outside of this translation unit
void delay_ms(uint32_t time)
^
static 
main.c(53): warning: no previous prototype for function 'Clock' [-Wmissing-prototypes]
void Clock()
     ^
main.c(53): note: declare 'static' if the function is not intended to be used outside of this translation unit
void Clock()
^
static 
main.c(76): warning: implicit conversion loses integer precision: 'int' to 'uint8_t' (aka 'unsigned char') [-Wimplicit-int-conversion]
                        u8Data = u8Data << 1;
                               ~ ~~~~~~~^~~~
main.c(62): warning: unused variable 'temp' [-Wunused-variable]
        uint8_t temp = 0x00;
                ^
main.c(60): warning: no previous prototype for function 'SPI_Master_Transmit' [-Wmissing-prototypes]
        uint8_t  SPI_Master_Transmit(uint8_t u8Data){
                 ^
main.c(60): note: declare 'static' if the function is not intended to be used outside of this translation unit
        uint8_t  SPI_Master_Transmit(uint8_t u8Data){
        ^
        static 
main.c(108): warning: no newline at end of file [-Wnewline-eof]
}
 ^
main.c(12): warning: no previous extern declaration for non-static variable 'DataReceive' [-Wmissing-variable-declarations]
uint8_t DataReceive;
        ^
main.c(12): note: declare 'static' if the variable is not intended to be used outside of this translation unit
uint8_t DataReceive;
^
12 warnings generated.
compiling main.c...
linking...
Program Size: Code=1500 RO-data=256 RW-data=0 ZI-data=1640  
".\Objects\bai5_SPI.axf" - 0 Error(s), 12 Warning(s).

<h2>Software Packages used:</h2>

Package Vendor: ARM
                http://www.keil.com/pack/ARM.CMSIS.5.7.0.pack
                ARM.CMSIS.5.7.0
                CMSIS (Cortex Microcontroller Software Interface Standard)
   * Component: CORE Version: 5.4.0

Package Vendor: Keil
                https://www.keil.com/pack/Keil.STM32F1xx_DFP.2.4.1.pack
                Keil.STM32F1xx_DFP.2.4.1
                STMicroelectronics STM32F1 Series Device Support, Drivers and Examples
   * Component: Startup Version: 1.0.0
   * Component: Framework Version: 3.6.0
   * Component: GPIO Version: 3.6.0
   * Component: RCC Version: 3.6.0
   * Component: TIM Version: 3.6.0

<h2>Collection of Component include folders:</h2>
  .\RTE\Device\STM32F103C8
  .\RTE\_Target_1
  C:\Users\Admin\AppData\Local\Arm\Packs\ARM\CMSIS\5.7.0\CMSIS\Core\Include
  C:\Users\Admin\AppData\Local\Arm\Packs\Keil\STM32F1xx_DFP\2.4.1\Device\Include
  C:\Users\Admin\AppData\Local\Arm\Packs\Keil\STM32F1xx_DFP\2.4.1\Device\StdPeriph_Driver\inc

<h2>Collection of Component Files used:</h2>

   * Component: ARM::CMSIS:CORE:5.4.0

   * Component: Keil::Device:Startup:1.0.0
      Source file:   Device\Source\system_stm32f10x.c
      Include file:  RTE_Driver\Config\RTE_Device.h
      Source file:   Device\Source\ARM\STM32F1xx_OPT.s
      Source file:   Device\Source\ARM\startup_stm32f10x_md.s

   * Component: Keil::Device:StdPeriph Drivers:Framework:3.6.0
      Include file:  Device\StdPeriph_Driver\inc\misc.h
      Source file:   Device\StdPeriph_Driver\src\misc.c
      Source file:   Device\StdPeriph_Driver\templates\stm32f10x_conf.h
      Include file:  Device\StdPeriph_Driver\templates\stm32f10x_it.h
      Source file:   Device\StdPeriph_Driver\templates\stm32f10x_it.c

   * Component: Keil::Device:StdPeriph Drivers:GPIO:3.6.0
      Source file:   Device\StdPeriph_Driver\src\stm32f10x_gpio.c
      Include file:  Device\StdPeriph_Driver\inc\stm32f10x_gpio.h

   * Component: Keil::Device:StdPeriph Drivers:RCC:3.6.0
      Source file:   Device\StdPeriph_Driver\src\stm32f10x_rcc.c
      Include file:  Device\StdPeriph_Driver\inc\stm32f10x_rcc.h

   * Component: Keil::Device:StdPeriph Drivers:TIM:3.6.0
      Include file:  Device\StdPeriph_Driver\inc\stm32f10x_tim.h
      Source file:   Device\StdPeriph_Driver\src\stm32f10x_tim.c
Build Time Elapsed:  00:00:00
</pre>
</body>
</html>
